2026/07/24 11:48:19 Failed to connect to database:failed to connect to `user=shakil database=peoplehub`: [::1]:5432 (localhost): server error: FATAL: database "peoplehub" does not exist (SQLSTATE 3D000)
2026/07/24 11:48:30 Failed to connect to database:failed to connect to `user=shakil database=peoplehub`: [::1]:5432 (localhost): server error: FATAL: database "peoplehub" does not exist (SQLSTATE 3D000)
2026/07/24 11:48:41 Failed to connect to database:failed to connect to `user=shakil database=peoplehub`: [::1]:5432 (localhost): server error: FATAL: database "peoplehub" does not exist (SQLSTATE 3D000)
2026/07/24 11:48:52 Failed to connect to database:failed to connect to `user=shakil database=peoplehub`: [::1]:5432 (localhost): server error: FATAL: database "peoplehub" does not exist (SQLSTATE 3D000)
2026/07/24 11:49:02 Failed to connect to database:failed to connect to `user=shakil database=peoplehub`: [::1]:5432 (localhost): server error: FATAL: database "peoplehub" does not exist (SQLSTATE 3D000)
2026/07/24 11:49:13 Failed to connect to database:failed to connect to `user=shakil database=peoplehub`: [::1]:5432 (localhost): server error: FATAL: database "peoplehub" does not exist (SQLSTATE 3D000)
2026/07/24 11:49:24 Failed to connect to database:failed to connect to `user=shakil database=peoplehub`: [::1]:5432 (localhost): server error: FATAL: database "peoplehub" does not exist (SQLSTATE 3D000)
2026/07/24 11:49:35 Failed to connect to database:failed to connect to `user=shakil database=peoplehub`: [::1]:5432 (localhost): server error: FATAL: database "peoplehub" does not exist (SQLSTATE 3D000)
2026/07/24 11:49:46 Failed to connect to database:failed to connect to `user=shakil database=peoplehub`: [::1]:5432 (localhost): server error: FATAL: database "peoplehub" does not exist (SQLSTATE 3D000)
2026/07/24 11:49:57 Failed to connect to database:failed to connect to `user=shakil database=peoplehub`: [::1]:5432 (localhost): server error: FATAL: database "peoplehub" does not exist (SQLSTATE 3D000)
2026/07/24 11:50:08 Failed to connect to database:failed to connect to `user=shakil database=peoplehub`: [::1]:5432 (localhost): server error: FATAL: database "peoplehub" does not exist (SQLSTATE 3D000)
2026/07/24 11:50:18 Failed to connect to database:failed to connect to `user=shakil database=peoplehub`: [::1]:5432 (localhost): server error: FATAL: database "peoplehub" does not exist (SQLSTATE 3D000)
2026/07/24 11:50:29 Failed to connect to database:failed to connect to `user=shakil database=peoplehub`: [::1]:5432 (localhost): server error: FATAL: database "peoplehub" does not exist (SQLSTATE 3D000)
2026/07/24 11:50:35 Failed to connect to database:failed to connect to `user=shakil database=peoplehub`: [::1]:5432 (localhost): server error: FATAL: database "peoplehub" does not exist (SQLSTATE 3D000)
2026/07/24 11:50:40 Failed to connect to database:failed to connect to `user=shakil database=peoplehub`: [::1]:5432 (localhost): server error: FATAL: database "peoplehub" does not exist (SQLSTATE 3D000)
2026/07/24 11:50:46 Failed to connect to database:failed to connect to `user=shakil database=peoplehub`: [::1]:5432 (localhost): server error: FATAL: database "peoplehub" does not exist (SQLSTATE 3D000)
2026/07/24 11:50:51 Failed to connect to database:failed to connect to `user=shakil database=peoplehub`: [::1]:5432 (localhost): server error: FATAL: database "peoplehub" does not exist (SQLSTATE 3D000)
2026/07/24 11:50:57 Failed to connect to database:failed to connect to `user=shakil database=peoplehub`: [::1]:5432 (localhost): server error: FATAL: database "peoplehub" does not exist (SQLSTATE 3D000)
2026/07/24 11:51:02 Failed to connect to database:failed to connect to `user=shakil database=peoplehub`: [::1]:5432 (localhost): server error: FATAL: database "peoplehub" does not exist (SQLSTATE 3D000)
2026/07/24 11:51:08 Failed to connect to database:failed to connect to `user=shakil database=peoplehub`: [::1]:5432 (localhost): server error: FATAL: database "peoplehub" does not exist (SQLSTATE 3D000)
2026/07/24 11:51:13 Failed to connect to database:failed to connect to `user=shakil database=peoplehub`: [::1]:5432 (localhost): server error: FATAL: database "peoplehub" does not exist (SQLSTATE 3D000)
2026/07/24 11:51:19 Failed to connect to database:failed to connect to `user=shakil database=peoplehub`: [::1]:5432 (localhost): server error: FATAL: database "peoplehub" does not exist (SQLSTATE 3D000)
2026/07/24 11:51:23 Failed to connect to database:failed to connect to `user=shakil database=peoplehub`: [::1]:5432 (localhost): server error: FATAL: database "peoplehub" does not exist (SQLSTATE 3D000)
2026/07/24 11:51:29 Failed to connect to database:failed to connect to `user=shakil database=peoplehub`: [::1]:5432 (localhost): server error: FATAL: database "peoplehub" does not exist (SQLSTATE 3D000)
2026/07/24 11:51:34 Failed to connect to database:failed to connect to `user=shakil database=peoplehub`: [::1]:5432 (localhost): server error: FATAL: database "peoplehub" does not exist (SQLSTATE 3D000)
2026/07/24 11:51:40 Failed to connect to database:failed to connect to `user=shakil database=peoplehub`: [::1]:5432 (localhost): server error: FATAL: database "peoplehub" does not exist (SQLSTATE 3D000)
2026/07/24 11:51:45 Failed to connect to database:failed to connect to `user=shakil database=peoplehub`: [::1]:5432 (localhost): server error: FATAL: database "peoplehub" does not exist (SQLSTATE 3D000)
2026/07/24 11:51:51 Failed to connect to database:failed to connect to `user=shakil database=peoplehub`: [::1]:5432 (localhost): server error: FATAL: database "peoplehub" does not exist (SQLSTATE 3D000)
2026/07/24 11:51:56 Failed to connect to database:failed to connect to `user=shakil database=peoplehub`: [::1]:5432 (localhost): server error: FATAL: database "peoplehub" does not exist (SQLSTATE 3D000)
2026/07/24 11:52:02 Failed to connect to database:failed to connect to `user=shakil database=peoplehub`: [::1]:5432 (localhost): server error: FATAL: database "peoplehub" does not exist (SQLSTATE 3D000)
2026/07/24 11:52:07 Failed to connect to database:failed to connect to `user=shakil database=peoplehub`: [::1]:5432 (localhost): server error: FATAL: database "peoplehub" does not exist (SQLSTATE 3D000)
2026/07/24 11:52:13 Failed to connect to database:failed to connect to `user=shakil database=peoplehub`: [::1]:5432 (localhost): server error: FATAL: database "peoplehub" does not exist (SQLSTATE 3D000)
2026/07/24 11:52:18 Failed to connect to database:failed to connect to `user=shakil database=peoplehub`: [::1]:5432 (localhost): server error: FATAL: database "peoplehub" does not exist (SQLSTATE 3D000)
2026/07/24 11:52:24 Failed to connect to database:failed to connect to `user=shakil database=peoplehub`: [::1]:5432 (localhost): server error: FATAL: database "peoplehub" does not exist (SQLSTATE 3D000)
2026/07/24 11:52:28 Failed to connect to database:failed to connect to `user=shakil database=peoplehub`: [::1]:5432 (localhost): server error: FATAL: database "peoplehub" does not exist (SQLSTATE 3D000)
2026/07/24 11:52:36 Server starting on :5000
2026/07/24 11:52:53 Shutting down server...
2026/07/24 11:52:53 Database connection closed
2026/07/24 11:52:53 Server exited gracefully
2026/07/24 11:52:55 Server starting on :5000
2026/07/24 11:55:35 [::1] POST /api/v1/auth/login | 200 | 1.8657122s
2026/07/24 12:16:56 [::1] GET /api/v1/auth/me | 401 | 196.4651ms
2026/07/24 12:16:56 [::1] POST /api/v1/auth/refresh | 200 | 122.6616ms
2026/07/24 12:16:56 [::1] GET /api/v1/auth/me | 200 | 260.8759ms
2026/07/24 12:16:58 [::1] POST /api/v1/auth/logout | 400 | 0s
2026/07/24 12:17:00 [::1] POST /api/v1/auth/login | 200 | 292.9421ms
2026/07/24 12:17:01 [::1] GET /api/v1/auth/me | 200 | 1.2453ms
2026/07/24 12:17:03 [::1] GET /api/v1/companies | 200 | 166.6459ms
2026/07/24 12:17:03 [::1] GET /api/v1/companies | 200 | 990.4µs
2026/07/24 12:17:03 [::1] GET /api/v1/companies | 200 | 999.8µs
2026/07/24 12:17:03 [::1] GET /uploads/1a55adad8432f580_1784437436973812700.png | 304 | 39.2603ms
2026/07/24 12:17:03 [::1] GET /api/v1/shifts | 200 | 20.2439ms
2026/07/24 12:17:04 [::1] GET /api/v1/companies | 200 | 849.1µs
2026/07/24 12:17:04 [::1] GET /api/v1/temporary-shifts | 200 | 55.7119ms
2026/07/24 12:17:04 [::1] GET /api/v1/divisions | 200 | 10.4173ms
2026/07/24 12:17:04 [::1] GET /api/v1/divisions | 200 | 939.5µs
2026/07/24 12:17:05 [::1] GET /api/v1/groups | 200 | 19.2377ms
2026/07/24 12:17:06 [::1] GET /api/v1/floors | 200 | 1.6365ms
2026/07/24 12:27:17 [::1] GET /api/v1/auth/me | 200 | 1.1348ms
2026/07/24 12:27:19 [::1] POST /api/v1/auth/logout | 400 | 0s
2026/07/24 12:27:21 [::1] POST /api/v1/auth/login | 200 | 297.1322ms
2026/07/24 12:27:21 [::1] GET /api/v1/auth/me | 200 | 640.9µs
2026/07/24 12:27:23 [::1] GET /api/v1/companies | 200 | 1.1233ms
2026/07/24 12:27:23 [::1] GET /api/v1/companies | 200 | 511.5µs
2026/07/24 12:27:23 [::1] GET /api/v1/companies | 200 | 847.4µs
2026/07/24 12:27:25 [::1] GET /api/v1/companies | 200 | 1.8133ms
2026/07/24 12:27:25 [::1] GET /api/v1/groups | 200 | 1.124ms
2026/07/24 12:27:25 [::1] GET /api/v1/sections | 200 | 24.8731ms
2026/07/24 12:27:25 [::1] GET /api/v1/shifts | 200 | 141.4744ms
2026/07/24 12:27:25 [::1] GET /api/v1/lines | 200 | 158.0507ms
2026/07/24 12:27:25 [::1] GET /api/v1/departments | 200 | 312.1564ms
2026/07/24 12:27:25 [::1] GET /api/v1/designations | 200 | 328.3777ms
2026/07/24 12:27:25 [::1] GET /api/v1/attendance | 200 | 443.9106ms
2026/07/24 12:27:25 [::1] GET /api/v1/attendance | 200 | 8.8907ms
2026/07/24 12:27:30 [::1] GET /api/v1/attendance | 200 | 4.5373ms
2026/07/24 12:47:26 [::1] GET /api/v1/auth/me | 401 | 0s
2026/07/24 12:49:52 [::1] GET /api/v1/auth/me | 401 | 0s
2026/07/24 12:49:56 [::1] POST /api/v1/auth/login | 401 | 6.8364ms
2026/07/24 12:50:44 [::1] GET /api/v1/auth/me | 401 | 0s
2026/07/24 12:50:44 [::1] POST /api/v1/auth/refresh | 200 | 37.6494ms
2026/07/24 12:50:44 [::1] GET /api/v1/auth/me | 200 | 13.3197ms
2026/07/24 12:50:46 [::1] GET /api/v1/companies | 200 | 8.9448ms
2026/07/24 12:50:46 [::1] GET /api/v1/companies | 200 | 1.4018ms
2026/07/24 12:50:46 [::1] GET /api/v1/companies | 200 | 518.8µs
2026/07/24 12:53:34 [::1] GET /api/v1/data-logs/stats | 200 | 142.629ms
2026/07/24 12:53:40 [::1] POST /api/v1/data-logs/import | 200 | 1.5083965s
2026/07/24 12:53:40 [::1] GET /api/v1/data-logs/stats | 200 | 4.2129ms
2026/07/24 12:54:05 [::1] GET /api/v1/attendance/stats | 200 | 4.0038ms
2026/07/24 12:54:05 [::1] GET /api/v1/companies | 200 | 4.2966ms
2026/07/24 12:54:11 [::1] POST /api/v1/data-logs/process | 200 | 669.1544ms
2026/07/24 12:54:11 [::1] GET /api/v1/attendance/stats | 200 | 779.4µs
2026/07/24 12:55:08 [::1] GET /api/v1/departments | 200 | 5.5245ms
2026/07/24 12:55:08 [::1] GET /api/v1/lines | 200 | 997.8µs
2026/07/24 12:55:08 [::1] GET /api/v1/designations | 200 | 7.6211ms
2026/07/24 12:55:08 [::1] GET /api/v1/groups | 200 | 17.5207ms
2026/07/24 12:55:08 [::1] GET /api/v1/shifts | 200 | 27.9396ms
2026/07/24 12:55:08 [::1] GET /api/v1/attendance | 200 | 20.2084ms
2026/07/24 12:55:08 [::1] GET /api/v1/attendance | 200 | 6.3643ms
2026/07/24 12:55:08 [::1] GET /api/v1/sections | 200 | 93.4039ms
2026/07/24 12:55:08 [::1] GET /api/v1/companies | 200 | 117.9193ms
2026/07/24 12:55:16 [::1] GET /api/v1/attendance | 200 | 4.36ms
2026/07/24 12:55:24 [::1] GET /api/v1/data-logs/stats | 200 | 10.2222ms
2026/07/24 12:55:31 [::1] GET /api/v1/sections | 200 | 4.5174ms
2026/07/24 12:55:31 [::1] GET /api/v1/companies | 200 | 4.5174ms
2026/07/24 12:55:31 [::1] GET /api/v1/groups | 200 | 3.5351ms
2026/07/24 12:55:31 [::1] GET /api/v1/shifts | 200 | 3.5351ms
2026/07/24 12:55:31 [::1] GET /api/v1/designations | 200 | 109.2916ms
2026/07/24 12:55:31 [::1] GET /api/v1/attendance | 200 | 107.7581ms
2026/07/24 12:55:31 [::1] GET /api/v1/departments | 200 | 128.6288ms
2026/07/24 12:55:31 [::1] GET /api/v1/lines | 200 | 121.3285ms
2026/07/24 12:55:31 [::1] GET /api/v1/attendance | 200 | 28.3146ms
2026/07/24 12:55:32 [::1] GET /api/v1/companies | 200 | 510.7µs
2026/07/24 12:55:32 [::1] GET /api/v1/shifts | 200 | 3.0115ms
2026/07/24 12:55:32 [::1] GET /api/v1/departments | 200 | 4.5237ms
2026/07/24 12:55:32 [::1] GET /api/v1/groups | 200 | 44.2996ms
2026/07/24 12:55:32 [::1] GET /api/v1/attendance/summary | 200 | 76.7884ms
2026/07/24 12:55:35 [::1] GET /api/v1/departments | 200 | 1.0031ms
2026/07/24 12:55:35 [::1] GET /api/v1/companies | 200 | 1.0031ms
2026/07/24 12:55:35 [::1] GET /api/v1/sections | 200 | 1.1551ms
2026/07/24 12:55:35 [::1] GET /api/v1/groups | 200 | 509.5µs
2026/07/24 12:55:35 [::1] GET /api/v1/designations | 200 | 2.9721ms
2026/07/24 12:55:35 [::1] GET /api/v1/shifts | 200 | 4.0656ms
2026/07/24 12:55:35 [::1] GET /api/v1/attendance | 200 | 6.2271ms
2026/07/24 12:55:35 [::1] GET /api/v1/attendance | 200 | 7.9988ms
2026/07/24 12:55:35 [::1] GET /api/v1/lines | 200 | 49.5927ms
2026/07/24 12:55:40 [::1] GET /api/v1/departments | 200 | 1.5189ms
2026/07/24 12:55:40 [::1] GET /api/v1/shifts | 200 | 699.5µs
2026/07/24 12:55:40 [::1] GET /api/v1/attendance/summary | 200 | 2.9746ms
2026/07/24 12:55:40 [::1] GET /api/v1/groups | 200 | 57.0255ms
2026/07/24 12:55:40 [::1] GET /api/v1/companies | 200 | 152.533ms
2026/07/24 12:55:42 [::1] GET /api/v1/shifts | 200 | 16.5209ms
2026/07/24 12:55:42 [::1] GET /api/v1/companies | 200 | 17.4675ms
2026/07/24 12:55:42 [::1] GET /api/v1/lines | 200 | 1.001ms
2026/07/24 12:55:42 [::1] GET /api/v1/designations | 200 | 1.001ms
2026/07/24 12:55:42 [::1] GET /api/v1/sections | 200 | 76.0698ms
2026/07/24 12:55:42 [::1] GET /api/v1/departments | 200 | 83.0694ms
2026/07/24 12:55:42 [::1] GET /api/v1/groups | 200 | 100.124ms
2026/07/24 12:55:42 [::1] GET /api/v1/attendance | 200 | 90.1217ms
2026/07/24 12:55:42 [::1] GET /api/v1/attendance | 200 | 37.2177ms
2026/07/24 12:55:48 [::1] GET /api/v1/dashboard/stats | 200 | 97.0581ms
2026/07/24 12:56:04 [::1] GET /api/v1/dashboard/stats | 200 | 23.3266ms
2026/07/24 12:56:04 [::1] GET /api/v1/employees | 200 | 28.1904ms
2026/07/24 12:56:04 [::1] GET /api/v1/separations | 200 | 55.237ms
2026/07/24 12:56:09 [::1] GET /api/v1/dashboard/stats | 200 | 29.1421ms
2026/07/24 12:56:43 [::1] POST /api/v1/auth/logout | 400 | 0s
2026/07/24 12:56:46 [::1] POST /api/v1/auth/login | 200 | 282.5385ms
2026/07/24 12:56:46 [::1] GET /api/v1/auth/me | 200 | 1.3425ms
2026/07/24 12:57:24 [::1] GET /api/v1/shifts | 200 | 3.4038ms
2026/07/24 12:57:24 [::1] GET /api/v1/groups | 200 | 2.8281ms
2026/07/24 12:57:24 [::1] GET /api/v1/floors | 200 | 4.5404ms
2026/07/24 12:57:24 [::1] GET /api/v1/employees | 200 | 31.9397ms
2026/07/24 12:57:24 [::1] GET /api/v1/companies | 200 | 80.8507ms
2026/07/24 12:57:24 [::1] GET /api/v1/departments | 200 | 83.8918ms
2026/07/24 12:57:24 [::1] GET /api/v1/employees | 200 | 6.1354ms
2026/07/24 12:57:29 [::1] GET /api/v1/requirements/section-summary | 200 | 53.9519ms
2026/07/24 12:57:30 [::1] GET /api/v1/lines | 200 | 1.5258ms
2026/07/24 12:57:30 [::1] GET /api/v1/sections | 200 | 1.0007ms
2026/07/24 12:57:30 [::1] GET /api/v1/designations | 200 | 1.9387ms
2026/07/24 12:57:30 [::1] GET /api/v1/groups | 200 | 1.604ms
2026/07/24 12:57:30 [::1] GET /api/v1/companies | 200 | 5.8645ms
2026/07/24 12:57:30 [::1] GET /api/v1/separations | 200 | 3.6074ms
2026/07/24 12:57:30 [::1] GET /api/v1/separations | 200 | 2.6729ms
2026/07/24 12:57:30 [::1] GET /api/v1/departments | 200 | 66.7985ms
2026/07/24 12:57:35 [::1] GET /api/v1/companies | 200 | 1.4775ms
2026/07/24 12:57:35 [::1] GET /api/v1/companies | 200 | 910.1µs
2026/07/24 12:57:35 [::1] GET /api/v1/companies | 200 | 2.2997ms
2026/07/24 13:00:50 [::1] GET /api/v1/companies | 200 | 1.5233ms
2026/07/24 13:00:50 [::1] GET /api/v1/auth/me | 200 | 5.7098ms
2026/07/24 13:00:50 [::1] GET /api/v1/companies | 200 | 2.8942ms
2026/07/24 13:00:50 [::1] GET /api/v1/companies | 200 | 16.961ms
2026/07/26 10:48:50 Server starting on :5050
2026/07/26 10:49:10 [::1] GET /health | 200 | 0s
2026/07/26 10:49:18 [::1] GET /health | 200 | 0s
2026/07/26 10:57:31 [::1] GET /health | 200 | 0s
2026/07/26 10:57:36 [::1] GET /health | 200 | 0s
2026/07/26 10:58:00 [::1] POST /api/v1/auth/login | 200 | 316.144ms
2026/07/26 10:58:00 [::1] GET /api/v1/auth/me | 200 | 1.3959ms
2026/07/26 10:58:10 [::1] GET /api/v1/auth/me | 200 | 4.556ms
2026/07/26 10:58:12 [::1] POST /api/v1/auth/logout | 400 | 0s
2026/07/26 10:58:34 [::1] GET /api/v1/auth/me | 401 | 7.5464ms
2026/07/26 10:58:44 [::1] POST /api/v1/auth/login | 200 | 292.4191ms
2026/07/26 10:58:44 [::1] GET /api/v1/auth/me | 200 | 1.3611ms
2026/07/26 10:58:46 [::1] GET /api/v1/groups | 200 | 21.5239ms
2026/07/26 10:58:46 [::1] GET /api/v1/shifts | 200 | 7.0109ms
2026/07/26 10:58:46 [::1] GET /api/v1/departments | 200 | 3.2551ms
2026/07/26 10:58:46 [::1] GET /api/v1/floors | 200 | 950.5µs
2026/07/26 10:58:46 [::1] GET /api/v1/companies | 200 | 71.1323ms
2026/07/26 10:58:46 [::1] GET /api/v1/employees | 200 | 86.6843ms
2026/07/26 10:58:46 [::1] GET /api/v1/employees | 200 | 66.5947ms
2026/07/26 10:58:53 [::1] GET /api/v1/companies | 200 | 2.0717ms
2026/07/26 10:58:53 [::1] GET /api/v1/departments | 200 | 1.0589ms
2026/07/26 10:58:53 [::1] GET /api/v1/groups | 200 | 540.6µs
2026/07/26 10:58:53 [::1] GET /api/v1/shifts | 200 | 2.2464ms
2026/07/26 10:58:53 [::1] GET /api/v1/attendance | 200 | 79.8457ms
2026/07/26 10:58:53 [::1] GET /api/v1/attendance | 200 | 14.4604ms
2026/07/26 10:58:57 [::1] GET /api/v1/data-logs/stats | 200 | 36.6022ms
2026/07/26 10:59:09 [::1] POST /api/v1/data-logs/import | 200 | 7.5317836s
2026/07/26 10:59:09 [::1] GET /api/v1/data-logs/stats | 200 | 4.6207ms
2026/07/26 10:59:12 [::1] GET /api/v1/attendance/stats | 200 | 1.1469ms
2026/07/26 10:59:12 [::1] GET /api/v1/companies | 200 | 1.1223ms
2026/07/26 10:59:22 [::1] POST /api/v1/data-logs/process | 200 | 6.8572791s
2026/07/26 10:59:22 [::1] GET /api/v1/attendance/stats | 200 | 1.1287ms
2026/07/26 10:59:24 [::1] GET /api/v1/companies | 200 | 563.9µs
2026/07/26 10:59:24 [::1] GET /api/v1/shifts | 200 | 999.3µs
2026/07/26 10:59:24 [::1] GET /api/v1/departments | 200 | 3.3707ms
2026/07/26 10:59:24 [::1] GET /api/v1/groups | 200 | 5.02ms
2026/07/26 10:59:24 [::1] GET /api/v1/attendance | 200 | 9.8524ms
2026/07/26 10:59:24 [::1] GET /api/v1/attendance | 200 | 10.7776ms
2026/07/26 10:59:29 [::1] GET /api/v1/attendance | 200 | 4.1088ms
2026/07/26 10:59:38 [::1] GET /api/v1/attendance | 200 | 3.8849ms
2026/07/26 10:59:39 [::1] GET /api/v1/attendance | 200 | 4.1816ms
2026/07/26 10:59:39 [::1] GET /api/v1/attendance | 200 | 3.8765ms
2026/07/26 10:59:45 [::1] GET /api/v1/companies | 200 | 7.5238ms
2026/07/26 10:59:45 [::1] GET /api/v1/departments | 200 | 5.9977ms
2026/07/26 10:59:45 [::1] GET /api/v1/groups | 200 | 4.0037ms
2026/07/26 10:59:45 [::1] GET /api/v1/floors | 200 | 16.0673ms
2026/07/26 10:59:45 [::1] GET /api/v1/shifts | 200 | 2.2266ms
2026/07/26 10:59:45 [::1] GET /api/v1/employees | 200 | 14.991ms
2026/07/26 10:59:45 [::1] GET /api/v1/employees | 200 | 4.0001ms
2026/07/26 10:59:49 [::1] GET /api/v1/employees | 200 | 7.942ms
2026/07/26 10:59:52 [::1] GET /api/v1/employees/8a172224-1ca7-4b8a-8dbe-69389f809495 | 200 | 3.6507ms
2026/07/26 10:59:52 [::1] GET /api/v1/shifts | 200 | 1.5217ms
2026/07/26 10:59:52 [::1] GET /api/v1/companies | 200 | 1.5217ms
2026/07/26 10:59:52 [::1] GET /api/v1/departments | 200 | 1.5217ms
2026/07/26 10:59:52 [::1] GET /api/v1/groups | 200 | 1.5217ms
2026/07/26 10:59:52 [::1] GET /api/v1/floors | 200 | 3.5213ms
2026/07/26 10:59:52 [::1] GET /api/v1/divisions | 200 | 8.0668ms
2026/07/26 10:59:52 [::1] GET /api/v1/sections | 200 | 2.6174ms
2026/07/26 10:59:52 [::1] GET /api/v1/unions | 200 | 7.3309ms
2026/07/26 10:59:52 [::1] GET /api/v1/unions | 200 | 2.9969ms
2026/07/26 10:59:52 [::1] GET /api/v1/lines | 200 | 145.6926ms
2026/07/26 10:59:52 [::1] GET /api/v1/districts | 200 | 150.2118ms
2026/07/26 10:59:52 [::1] GET /api/v1/districts | 200 | 5.1103ms
2026/07/26 10:59:52 [::1] GET /api/v1/upazilas | 200 | 165.6761ms
2026/07/26 10:59:52 [::1] GET /api/v1/upazilas | 200 | 1.1401ms
2026/07/26 10:59:52 [::1] GET /api/v1/designations | 200 | 175.3664ms
2026/07/26 11:00:03 [::1] GET /api/v1/departments | 200 | 1.0923ms
2026/07/26 11:00:03 [::1] GET /api/v1/departments | 200 | 999.9µs
2026/07/26 11:00:21 [::1] GET /api/v1/sections | 200 | 1.329ms
2026/07/26 11:00:44 [::1] POST /api/v1/sections | 201 | 3.1922ms
2026/07/26 11:00:44 [::1] GET /api/v1/sections | 200 | 1.4997ms
2026/07/26 11:00:48 [::1] GET /api/v1/designations | 200 | 1.342ms
2026/07/26 11:00:48 [::1] GET /api/v1/lines | 200 | 2.4913ms
2026/07/26 11:00:57 [::1] POST /api/v1/designations | 201 | 16.4212ms
2026/07/26 11:00:57 [::1] GET /api/v1/designations | 200 | 1.8236ms
2026/07/26 11:01:04 [::1] POST /api/v1/lines | 201 | 19.9343ms
2026/07/26 11:01:04 [::1] GET /api/v1/lines | 200 | 1.4016ms
2026/07/26 11:01:06 [::1] GET /api/v1/departments | 200 | 1.521ms
2026/07/26 11:01:06 [::1] GET /api/v1/companies | 200 | 2.6822ms
2026/07/26 11:01:06 [::1] GET /api/v1/groups | 200 | 510.5µs
2026/07/26 11:01:06 [::1] GET /api/v1/shifts | 200 | 2.5805ms
2026/07/26 11:01:06 [::1] GET /api/v1/floors | 200 | 1.0035ms
2026/07/26 11:01:06 [::1] GET /api/v1/employees | 200 | 6.2878ms
2026/07/26 11:01:06 [::1] GET /api/v1/employees | 200 | 4.2696ms
2026/07/26 11:01:09 [::1] GET /api/v1/employees | 200 | 4.9769ms
2026/07/26 11:01:11 [::1] GET /api/v1/employees/8a172224-1ca7-4b8a-8dbe-69389f809495 | 200 | 5.2089ms
2026/07/26 11:01:11 [::1] GET /api/v1/companies | 200 | 508.3µs
2026/07/26 11:01:11 [::1] GET /api/v1/shifts | 200 | 5.966ms
2026/07/26 11:01:11 [::1] GET /api/v1/departments | 200 | 2.5933ms
2026/07/26 11:01:11 [::1] GET /api/v1/groups | 200 | 1.0035ms
2026/07/26 11:01:11 [::1] GET /api/v1/floors | 200 | 1.1589ms
2026/07/26 11:01:11 [::1] GET /api/v1/divisions | 200 | 2.9898ms
2026/07/26 11:01:11 [::1] GET /api/v1/sections | 200 | 2.9898ms
2026/07/26 11:01:11 [::1] GET /api/v1/upazilas | 200 | 508.7µs
2026/07/26 11:01:11 [::1] GET /api/v1/lines | 200 | 1.1712ms
2026/07/26 11:01:11 [::1] GET /api/v1/designations | 200 | 1.0122ms
2026/07/26 11:01:11 [::1] GET /api/v1/upazilas | 200 | 1.1513ms
2026/07/26 11:01:11 [::1] GET /api/v1/unions | 200 | 7.5238ms
2026/07/26 11:01:11 [::1] GET /api/v1/unions | 200 | 1.9419ms
2026/07/26 11:01:11 [::1] GET /api/v1/districts | 200 | 59.2044ms
2026/07/26 11:01:11 [::1] GET /api/v1/districts | 200 | 624µs
2026/07/26 11:01:19 [::1] GET /api/v1/lines | 200 | 1.1305ms
2026/07/26 11:01:19 [::1] GET /api/v1/designations | 200 | 1.1305ms
2026/07/26 11:01:25 [::1] PUT /api/v1/employees/8a172224-1ca7-4b8a-8dbe-69389f809495 | 200 | 20.2117ms
2026/07/26 11:01:25 [::1] GET /api/v1/companies | 200 | 507.5µs
2026/07/26 11:01:25 [::1] GET /api/v1/departments | 200 | 1.1557ms
2026/07/26 11:01:25 [::1] GET /api/v1/floors | 200 | 1.2298ms
2026/07/26 11:01:25 [::1] GET /api/v1/groups | 200 | 1.0106ms
2026/07/26 11:01:25 [::1] GET /api/v1/employees | 200 | 32.5915ms
2026/07/26 11:01:25 [::1] GET /api/v1/shifts | 200 | 1.9182ms
2026/07/26 11:01:25 [::1] GET /api/v1/employees | 200 | 4.8172ms
2026/07/26 11:01:30 [::1] GET /api/v1/sections | 200 | 820.2µs
2026/07/26 11:01:31 [::1] GET /api/v1/employees | 200 | 5.6487ms
2026/07/26 11:01:55 [::1] GET /api/v1/employees/cf0ab753-115c-4bfb-a8a7-c9c4edc57b59 | 200 | 3.9916ms
2026/07/26 11:01:55 [::1] GET /api/v1/shifts | 200 | 1.0107ms
2026/07/26 11:01:55 [::1] GET /api/v1/companies | 200 | 1.0107ms
2026/07/26 11:01:55 [::1] GET /api/v1/floors | 200 | 1.9999ms
2026/07/26 11:01:55 [::1] GET /api/v1/departments | 200 | 2.0343ms
2026/07/26 11:01:55 [::1] GET /api/v1/groups | 200 | 3.0451ms
2026/07/26 11:01:55 [::1] GET /api/v1/divisions | 200 | 1.7718ms
2026/07/26 11:01:55 [::1] GET /api/v1/sections | 200 | 1.0239ms
2026/07/26 11:01:55 [::1] GET /api/v1/designations | 200 | 6.2924ms
2026/07/26 11:01:55 [::1] GET /api/v1/upazilas | 200 | 5.1349ms
2026/07/26 11:01:55 [::1] GET /api/v1/unions | 200 | 3.107ms
2026/07/26 11:01:55 [::1] GET /api/v1/upazilas | 200 | 1.7853ms
2026/07/26 11:01:55 [::1] GET /api/v1/unions | 200 | 2.7578ms
2026/07/26 11:01:56 [::1] GET /api/v1/districts | 200 | 95.0134ms
2026/07/26 11:01:56 [::1] GET /api/v1/lines | 200 | 100.0354ms
2026/07/26 11:01:56 [::1] GET /api/v1/districts | 200 | 505.9µs
2026/07/26 11:02:02 [::1] GET /api/v1/designations | 200 | 1.209ms
2026/07/26 11:02:02 [::1] GET /api/v1/lines | 200 | 1.258ms
2026/07/26 11:02:08 [::1] PUT /api/v1/employees/cf0ab753-115c-4bfb-a8a7-c9c4edc57b59 | 200 | 15.0454ms
2026/07/26 11:02:08 [::1] GET /api/v1/companies | 200 | 1.0703ms
2026/07/26 11:02:08 [::1] GET /api/v1/departments | 200 | 1.0703ms
2026/07/26 11:02:08 [::1] GET /api/v1/groups | 200 | 1.8087ms
2026/07/26 11:02:08 [::1] GET /api/v1/floors | 200 | 2.3177ms
2026/07/26 11:02:08 [::1] GET /api/v1/shifts | 200 | 10.1572ms
2026/07/26 11:02:08 [::1] GET /api/v1/employees | 200 | 12.9911ms
2026/07/26 11:02:08 [::1] GET /api/v1/employees | 200 | 6.3983ms
2026/07/26 11:02:12 [::1] GET /api/v1/sections | 200 | 1.3029ms
2026/07/26 11:02:13 [::1] GET /api/v1/employees | 200 | 4.161ms
2026/07/26 11:02:18 [::1] GET /api/v1/employees/5b9dc295-4c7c-4220-9a01-79a1023bf665 | 200 | 3.0478ms
2026/07/26 11:02:18 [::1] GET /api/v1/companies | 200 | 2.5516ms
2026/07/26 11:02:18 [::1] GET /api/v1/shifts | 200 | 5.0626ms
2026/07/26 11:02:18 [::1] GET /api/v1/groups | 200 | 2.4272ms
2026/07/26 11:02:18 [::1] GET /api/v1/departments | 200 | 2.9386ms
2026/07/26 11:02:18 [::1] GET /api/v1/sections | 200 | 999.6µs
2026/07/26 11:02:18 [::1] GET /api/v1/divisions | 200 | 4.0157ms
2026/07/26 11:02:18 [::1] GET /api/v1/designations | 200 | 1.0109ms
2026/07/26 11:02:18 [::1] GET /api/v1/districts | 200 | 2.5204ms
2026/07/26 11:02:18 [::1] GET /api/v1/lines | 200 | 2.92ms
2026/07/26 11:02:18 [::1] GET /api/v1/upazilas | 200 | 1.417ms
2026/07/26 11:02:18 [::1] GET /api/v1/unions | 200 | 5.1943ms
2026/07/26 11:02:18 [::1] GET /api/v1/districts | 200 | 3.2143ms
2026/07/26 11:02:18 [::1] GET /api/v1/upazilas | 200 | 1.4082ms
2026/07/26 11:02:18 [::1] GET /api/v1/unions | 200 | 4.4711ms
2026/07/26 11:02:18 [::1] GET /api/v1/floors | 200 | 60.092ms
2026/07/26 11:02:27 [::1] GET /api/v1/lines | 200 | 930.8µs
2026/07/26 11:02:27 [::1] GET /api/v1/designations | 200 | 1.4389ms
2026/07/26 11:02:41 [::1] PUT /api/v1/employees/5b9dc295-4c7c-4220-9a01-79a1023bf665 | 200 | 18.1225ms
2026/07/26 11:02:41 [::1] GET /api/v1/groups | 200 | 1.0613ms
2026/07/26 11:02:41 [::1] GET /api/v1/shifts | 200 | 1.0613ms
2026/07/26 11:02:41 [::1] GET /api/v1/companies | 200 | 506.9µs
2026/07/26 11:02:41 [::1] GET /api/v1/departments | 200 | 506.9µs
2026/07/26 11:02:41 [::1] GET /api/v1/floors | 200 | 2.0004ms
2026/07/26 11:02:41 [::1] GET /api/v1/employees | 200 | 30.4781ms
2026/07/26 11:02:41 [::1] GET /api/v1/employees | 200 | 5.1457ms
2026/07/26 11:02:48 [::1] GET /api/v1/employees/a802ea10-051a-4bfc-bb6f-8a6af159885e | 200 | 4.1818ms
2026/07/26 11:02:48 [::1] GET /api/v1/departments | 200 | 508.9µs
2026/07/26 11:02:48 [::1] GET /api/v1/companies | 200 | 2.0131ms
2026/07/26 11:02:48 [::1] GET /api/v1/floors | 200 | 2.1813ms
2026/07/26 11:02:48 [::1] GET /api/v1/groups | 200 | 5.7574ms
2026/07/26 11:02:48 [::1] GET /api/v1/designations | 200 | 3.019ms
2026/07/26 11:02:48 [::1] GET /api/v1/divisions | 200 | 510.5µs
2026/07/26 11:02:48 [::1] GET /api/v1/lines | 200 | 3.1606ms
2026/07/26 11:02:48 [::1] GET /api/v1/districts | 200 | 4.2638ms
2026/07/26 11:02:48 [::1] GET /api/v1/upazilas | 200 | 509.8µs
2026/07/26 11:02:48 [::1] GET /api/v1/unions | 200 | 1.5206ms
2026/07/26 11:02:49 [::1] GET /api/v1/upazilas | 200 | 5.5184ms
2026/07/26 11:02:49 [::1] GET /api/v1/districts | 200 | 9.3355ms
2026/07/26 11:02:49 [::1] GET /api/v1/unions | 200 | 6.2798ms
2026/07/26 11:02:49 [::1] GET /api/v1/shifts | 200 | 63.5036ms
2026/07/26 11:02:49 [::1] GET /api/v1/sections | 200 | 90.933ms
2026/07/26 11:02:57 [::1] GET /api/v1/lines | 200 | 831.6µs
2026/07/26 11:02:57 [::1] GET /api/v1/designations | 200 | 1.0102ms
2026/07/26 11:03:05 [::1] PUT /api/v1/employees/a802ea10-051a-4bfc-bb6f-8a6af159885e | 200 | 5.3916ms
2026/07/26 11:03:05 [::1] GET /api/v1/companies | 200 | 1.0111ms
2026/07/26 11:03:05 [::1] GET /api/v1/departments | 200 | 1.5052ms
2026/07/26 11:03:05 [::1] GET /api/v1/groups | 200 | 508.8µs
2026/07/26 11:03:05 [::1] GET /api/v1/shifts | 200 | 508.8µs
2026/07/26 11:03:05 [::1] GET /api/v1/floors | 200 | 10.0384ms
2026/07/26 11:03:05 [::1] GET /api/v1/employees | 200 | 31.8354ms
2026/07/26 11:03:05 [::1] GET /api/v1/employees | 200 | 4.6097ms
2026/07/26 11:03:18 [::1] GET /api/v1/employees | 200 | 5.6388ms
2026/07/26 11:03:21 [::1] GET /api/v1/employees | 200 | 5.6051ms
2026/07/26 11:03:26 [::1] GET /api/v1/employees | 200 | 5.3374ms
2026/07/26 11:03:27 [::1] GET /api/v1/employees | 200 | 3.9778ms
2026/07/26 11:03:28 [::1] GET /api/v1/employees | 200 | 4.9375ms
2026/07/26 11:03:29 [::1] GET /api/v1/employees | 200 | 4.9882ms
2026/07/26 11:03:30 [::1] GET /api/v1/employees | 200 | 4.976ms
2026/07/26 11:03:31 [::1] GET /api/v1/employees | 200 | 4.3936ms
2026/07/26 11:03:32 [::1] GET /api/v1/employees | 200 | 5.4305ms
2026/07/26 11:03:33 [::1] GET /api/v1/employees | 200 | 3.7749ms
2026/07/26 11:03:33 [::1] GET /api/v1/employees | 200 | 4.9915ms
2026/07/26 11:03:34 [::1] GET /api/v1/employees | 200 | 3.1973ms
2026/07/26 11:03:35 [::1] GET /api/v1/employees | 200 | 3.77ms
2026/07/26 11:03:35 [::1] GET /api/v1/employees | 200 | 3.6914ms
2026/07/26 11:03:36 [::1] GET /api/v1/employees | 200 | 4.2023ms
2026/07/26 11:03:37 [::1] GET /api/v1/employees | 200 | 4.1179ms
2026/07/26 11:03:37 [::1] GET /api/v1/employees | 200 | 3.6305ms
2026/07/26 11:03:44 [::1] GET /api/v1/employees/a1d04f31-0dd2-4835-997d-6d1f5ba54540 | 200 | 7.9654ms
2026/07/26 11:03:44 [::1] GET /api/v1/companies | 200 | 980.3µs
2026/07/26 11:03:44 [::1] GET /api/v1/shifts | 200 | 3.765ms
2026/07/26 11:03:44 [::1] GET /api/v1/departments | 200 | 4.1844ms
2026/07/26 11:03:44 [::1] GET /api/v1/groups | 200 | 1.6173ms
2026/07/26 11:03:44 [::1] GET /api/v1/floors | 200 | 2.519ms
2026/07/26 11:03:44 [::1] GET /api/v1/sections | 200 | 3.4252ms
2026/07/26 11:03:44 [::1] GET /api/v1/divisions | 200 | 1.696ms
2026/07/26 11:03:44 [::1] GET /api/v1/lines | 200 | 629.2µs
2026/07/26 11:03:44 [::1] GET /api/v1/districts | 200 | 4.0821ms
2026/07/26 11:03:44 [::1] GET /api/v1/unions | 200 | 5.3952ms
2026/07/26 11:03:44 [::1] GET /api/v1/districts | 200 | 1.0105ms
2026/07/26 11:03:44 [::1] GET /api/v1/unions | 200 | 6.7289ms
2026/07/26 11:03:44 [::1] GET /api/v1/upazilas | 200 | 56.097ms
2026/07/26 11:03:44 [::1] GET /api/v1/upazilas | 200 | 508.9µs
2026/07/26 11:03:44 [::1] GET /api/v1/designations | 200 | 83.0416ms
2026/07/26 11:03:57 [::1] GET /api/v1/designations | 200 | 1.2354ms
2026/07/26 11:03:57 [::1] GET /api/v1/lines | 200 | 628.7µs
2026/07/26 11:04:18 [::1] PUT /api/v1/employees/a1d04f31-0dd2-4835-997d-6d1f5ba54540 | 200 | 6.9564ms
2026/07/26 11:04:18 [::1] GET /api/v1/companies | 200 | 3.118ms
2026/07/26 11:04:18 [::1] GET /api/v1/departments | 200 | 1.0107ms
2026/07/26 11:04:18 [::1] GET /api/v1/floors | 200 | 804µs
2026/07/26 11:04:18 [::1] GET /api/v1/employees | 200 | 18.4424ms
2026/07/26 11:04:18 [::1] GET /api/v1/shifts | 200 | 67.7356ms
2026/07/26 11:04:18 [::1] GET /api/v1/groups | 200 | 88.1649ms
2026/07/26 11:04:18 [::1] GET /api/v1/employees | 200 | 7.9163ms
2026/07/26 11:04:27 [::1] GET /api/v1/sections | 200 | 1.3306ms
2026/07/26 11:04:29 [::1] GET /api/v1/employees | 200 | 4.4841ms
2026/07/26 11:04:37 [::1] GET /api/v1/employees/a4fc4784-2893-424b-82c9-114b0a7905e2 | 200 | 6.9835ms
2026/07/26 11:04:38 [::1] GET /api/v1/shifts | 200 | 2.5213ms
2026/07/26 11:04:38 [::1] GET /api/v1/companies | 200 | 2.5213ms
2026/07/26 11:04:38 [::1] GET /api/v1/floors | 200 | 3.14ms
2026/07/26 11:04:38 [::1] GET /api/v1/divisions | 200 | 3.6469ms
2026/07/26 11:04:38 [::1] GET /api/v1/departments | 200 | 2.1922ms
2026/07/26 11:04:38 [::1] GET /api/v1/designations | 200 | 0s
2026/07/26 11:04:38 [::1] GET /api/v1/upazilas | 200 | 998.1µs
2026/07/26 11:04:38 [::1] GET /api/v1/unions | 200 | 8.9165ms
2026/07/26 11:04:38 [::1] GET /api/v1/lines | 200 | 0s
2026/07/26 11:04:38 [::1] GET /api/v1/unions | 200 | 2.9986ms
2026/07/26 11:04:38 [::1] GET /api/v1/upazilas | 200 | 0s
2026/07/26 11:04:38 [::1] GET /api/v1/districts | 200 | 999.4µs
2026/07/26 11:04:38 [::1] GET /api/v1/groups | 200 | 100.4231ms
2026/07/26 11:04:38 [::1] GET /api/v1/districts | 200 | 1.0719ms
2026/07/26 11:04:38 [::1] GET /api/v1/sections | 200 | 109.1954ms
2026/07/26 11:04:52 [::1] GET /api/v1/lines | 200 | 508.2µs
2026/07/26 11:04:52 [::1] GET /api/v1/designations | 200 | 508.2µs
2026/07/26 11:05:03 [::1] PUT /api/v1/employees/a4fc4784-2893-424b-82c9-114b0a7905e2 | 200 | 6.1597ms
2026/07/26 11:05:03 [::1] GET /api/v1/shifts | 200 | 1.6926ms
2026/07/26 11:05:03 [::1] GET /api/v1/companies | 200 | 1.0374ms
2026/07/26 11:05:03 [::1] GET /api/v1/departments | 200 | 6.0564ms
2026/07/26 11:05:03 [::1] GET /api/v1/employees | 200 | 17.7351ms
2026/07/26 11:05:03 [::1] GET /api/v1/floors | 200 | 506.4µs
2026/07/26 11:05:03 [::1] GET /api/v1/groups | 200 | 1.1272ms
2026/07/26 11:05:03 [::1] GET /api/v1/employees | 200 | 6.3208ms
2026/07/26 11:05:21 [::1] GET /api/v1/employees | 200 | 5.9625ms
2026/07/26 11:05:31 [::1] GET /api/v1/employees | 200 | 5.2486ms
2026/07/26 11:05:31 [::1] GET /api/v1/employees | 200 | 6.5202ms
2026/07/26 11:05:40 [::1] GET /api/v1/companies | 200 | 1.5525ms
2026/07/26 11:05:40 [::1] GET /api/v1/attendance/stats | 200 | 5.9692ms
2026/07/26 11:05:51 [::1] POST /api/v1/data-logs/process | 200 | 6.9073173s
2026/07/26 11:05:51 [::1] GET /api/v1/attendance/stats | 200 | 1.1068ms
2026/07/26 11:05:53 [::1] GET /api/v1/companies | 200 | 1.1349ms
2026/07/26 11:05:53 [::1] GET /api/v1/groups | 200 | 1.1924ms
2026/07/26 11:05:53 [::1] GET /api/v1/shifts | 200 | 7.8892ms
2026/07/26 11:05:53 [::1] GET /api/v1/attendance | 200 | 25.5376ms
2026/07/26 11:05:53 [::1] GET /api/v1/attendance | 200 | 9.0446ms
2026/07/26 11:05:53 [::1] GET /api/v1/departments | 200 | 81.7529ms
2026/07/26 11:05:59 [::1] GET /api/v1/attendance | 200 | 3.9475ms
2026/07/26 11:06:41 [::1] GET /api/v1/companies | 200 | 3.6771ms
2026/07/26 11:06:41 [::1] GET /api/v1/departments | 200 | 3.1667ms
2026/07/26 11:06:41 [::1] GET /api/v1/groups | 200 | 3.972ms
2026/07/26 11:06:41 [::1] GET /api/v1/attendance/summary | 200 | 11.0536ms
2026/07/26 11:06:41 [::1] GET /api/v1/shifts | 200 | 63.2162ms
2026/07/26 11:06:43 [::1] GET /api/v1/attendance/summary | 200 | 3.1502ms
2026/07/26 11:06:44 [::1] GET /api/v1/attendance/summary | 200 | 3.0139ms
2026/07/26 11:06:45 [::1] GET /api/v1/attendance/summary | 200 | 3.3088ms
2026/07/26 11:06:45 [::1] GET /api/v1/attendance/summary | 200 | 3.1131ms
2026/07/26 11:10:19 [::1] GET /api/v1/auth/me | 200 | 16.5939ms
2026/07/26 11:10:19 [::1] GET /api/v1/shifts | 200 | 6.8794ms
2026/07/26 11:10:19 [::1] GET /api/v1/groups | 200 | 1.0111ms
2026/07/26 11:10:19 [::1] GET /api/v1/attendance/summary | 200 | 23.7359ms
2026/07/26 11:10:19 [::1] GET /api/v1/departments | 200 | 168.6931ms
2026/07/26 11:10:19 [::1] GET /api/v1/companies | 200 | 209.036ms
2026/07/26 11:17:58 Shutting down server...
2026/07/26 11:17:58 Database connection closed
2026/07/26 11:17:58 Server exited gracefully
2026/07/26 11:18:00 Server starting on :5050
2026/07/26 11:18:26 [::1] GET /health | 200 | 0s
2026/07/26 11:18:31 [::1] GET /health | 200 | 0s
2026/07/26 11:18:45 [::1] GET /api/v1/auth/me | 401 | 0s
2026/07/26 11:18:57 [::1] GET /api/v1/auth/me | 401 | 0s
2026/07/26 11:18:57 [::1] POST /api/v1/auth/refresh | 200 | 24.3657ms
2026/07/26 11:18:57 [::1] GET /api/v1/auth/me | 200 | 48.8217ms
2026/07/26 11:19:14 [::1] GET /api/v1/companies | 200 | 508.2µs
2026/07/26 11:19:14 [::1] GET /api/v1/companies | 200 | 2.511ms
2026/07/26 11:19:14 [::1] GET /api/v1/companies | 200 | 838.2µs
2026/07/26 11:19:14 [::1] GET /uploads/1a55adad8432f580_1784437436973812700.png | 200 | 115.6879ms
2026/07/26 11:19:24 [::1] GET /api/v1/departments | 200 | 4.2387ms
2026/07/26 11:19:24 [::1] GET /api/v1/groups | 200 | 1.584ms
2026/07/26 11:19:24 [::1] GET /api/v1/employees | 200 | 7.571ms
2026/07/26 11:19:24 [::1] GET /api/v1/floors | 200 | 99.9094ms
2026/07/26 11:19:24 [::1] GET /api/v1/shifts | 200 | 105.9087ms
2026/07/26 11:19:24 [::1] GET /api/v1/companies | 200 | 113.7774ms
2026/07/26 11:19:24 [::1] GET /api/v1/employees | 200 | 32.5249ms
2026/07/26 11:19:34 [::1] POST /api/v1/auth/logout | 400 | 0s
2026/07/26 11:19:38 [::1] POST /api/v1/auth/login | 200 | 309.6587ms
2026/07/26 11:19:38 [::1] GET /api/v1/auth/me | 200 | 1.4073ms
2026/07/26 11:20:01 [::1] GET /api/v1/departments | 200 | 512µs
2026/07/26 11:20:01 [::1] GET /api/v1/companies | 200 | 0s
2026/07/26 11:20:01 [::1] GET /api/v1/shifts | 200 | 1.3918ms
2026/07/26 11:20:01 [::1] GET /api/v1/groups | 200 | 25.9381ms
2026/07/26 11:20:01 [::1] GET /api/v1/attendance | 200 | 31.6472ms
2026/07/26 11:20:01 [::1] GET /api/v1/attendance | 200 | 3.6324ms
2026/07/26 11:20:10 [::1] GET /api/v1/leave-types | 200 | 2.1054ms
2026/07/26 11:20:12 [::1] GET /api/v1/departments | 200 | 744.1µs
2026/07/26 11:20:12 [::1] GET /api/v1/companies | 200 | 4.4205ms
2026/07/26 11:20:12 [::1] GET /api/v1/leaves | 200 | 6.6659ms
2026/07/26 11:20:12 [::1] GET /api/v1/leaves | 200 | 1.3266ms
2026/07/26 11:20:55 [::1] GET /api/v1/auth/me | 200 | 3.8164ms
2026/07/26 11:21:13 [::1] GET /api/v1/auth/me | 401 | 0s
2026/07/26 11:21:52 [::1] GET /api/v1/companies | 401 | 0s
2026/07/26 11:21:52 [::1] GET /api/v1/companies | 401 | 0s
2026/07/26 11:21:52 [::1] GET /api/v1/companies | 401 | 0s
2026/07/26 11:21:52 [::1] GET /api/v1/companies | 401 | 0s
2026/07/26 11:21:52 [::1] GET /api/v1/companies | 401 | 0s
2026/07/26 11:21:52 [::1] GET /api/v1/companies | 401 | 0s
2026/07/26 11:21:57 [::1] GET /api/v1/auth/me | 401 | 0s
2026/07/26 11:21:57 [::1] GET /api/v1/companies | 401 | 0s
2026/07/26 11:21:57 [::1] GET /api/v1/companies | 401 | 0s
2026/07/26 11:21:57 [::1] GET /api/v1/companies | 401 | 0s
2026/07/26 11:22:04 [::1] GET /api/v1/companies | 401 | 0s
2026/07/26 11:22:04 [::1] GET /api/v1/auth/me | 401 | 0s
2026/07/26 11:22:04 [::1] GET /api/v1/companies | 401 | 0s
2026/07/26 11:22:04 [::1] GET /api/v1/companies | 401 | 0s
2026/07/26 11:24:18 [::1] GET /api/v1/auth/me | 401 | 0s
2026/07/26 11:24:18 [::1] GET /api/v1/companies | 401 | 0s
2026/07/26 11:24:18 [::1] GET /api/v1/companies | 401 | 0s
2026/07/26 11:24:18 [::1] GET /api/v1/companies | 401 | 0s
2026/07/26 11:28:22 [::1] GET /health | 200 | 97.0004ms
2026/07/26 11:29:11 [::1] GET /api/v1/auth/me | 200 | 477.9823ms
2026/07/26 11:29:27 [::1] GET /api/v1/companies | 200 | 113.4346ms
2026/07/26 11:29:27 [::1] GET /api/v1/companies | 200 | 9.1173ms
2026/07/26 11:29:27 [::1] GET /api/v1/companies | 200 | 5.5045ms
2026/07/26 11:29:30 [::1] GET /api/v1/companies | 200 | 60.7811ms
2026/07/26 11:29:30 [::1] GET /api/v1/floors | 200 | 91.2928ms
2026/07/26 11:29:30 [::1] GET /api/v1/groups | 200 | 176.8332ms
2026/07/26 11:29:30 [::1] GET /api/v1/departments | 200 | 203.5768ms
2026/07/26 11:29:30 [::1] GET /api/v1/shifts | 200 | 214.1107ms
2026/07/26 11:29:30 [::1] GET /api/v1/employees | 200 | 336.9925ms
2026/07/26 11:29:30 [::1] GET /api/v1/employees | 200 | 9.9999ms
2026/07/26 11:29:51 [::1] GET /api/v1/auth/me | 401 | 0s
2026/07/26 11:29:54 [::1] POST /api/v1/auth/login | 200 | 623.1142ms
2026/07/26 11:29:55 [::1] GET /api/v1/auth/me | 200 | 1.2269ms
2026/07/26 11:29:55 [::1] GET /api/v1/auth/me | 200 | 701µs
2026/07/26 11:29:57 [::1] GET /api/v1/companies | 200 | 1.8078ms
2026/07/26 11:29:57 [::1] GET /api/v1/companies | 200 | 877.8µs
2026/07/26 11:29:57 [::1] GET /api/v1/companies | 200 | 825.5µs
2026/07/26 11:29:57 [::1] GET /api/v1/companies | 200 | 1.8688ms
2026/07/26 11:29:57 [::1] GET /api/v1/companies | 200 | 513µs
2026/07/26 11:29:57 [::1] GET /api/v1/companies | 200 | 636.3µs
2026/07/26 11:29:57 [::1] GET /uploads/1a55adad8432f580_1784437436973812700.png | 200 | 52.6993ms
2026/07/26 11:30:07 [::1] GET /api/v1/departments | 200 | 5.7189ms
2026/07/26 11:30:07 [::1] GET /api/v1/shifts | 200 | 5.5201ms
2026/07/26 11:30:07 [::1] GET /api/v1/groups | 200 | 3.0135ms
2026/07/26 11:30:07 [::1] GET /api/v1/companies | 200 | 24.7599ms
2026/07/26 11:30:07 [::1] GET /api/v1/floors | 200 | 1.5228ms
2026/07/26 11:30:07 [::1] GET /api/v1/departments | 200 | 2.5251ms
2026/07/26 11:30:07 [::1] GET /api/v1/companies | 200 | 995.7µs
2026/07/26 11:30:07 [::1] GET /api/v1/groups | 200 | 999µs
2026/07/26 11:30:07 [::1] GET /api/v1/employees | 200 | 27.2177ms
2026/07/26 11:30:07 [::1] GET /api/v1/employees | 200 | 15.6067ms
2026/07/26 11:30:07 [::1] GET /api/v1/floors | 200 | 170.6736ms
2026/07/26 11:30:07 [::1] GET /api/v1/shifts | 200 | 171.6732ms
2026/07/26 11:30:07 [::1] GET /api/v1/employees | 200 | 6.7129ms
2026/07/26 11:30:08 [::1] GET /api/v1/employees | 200 | 7.1867ms
2026/07/26 11:34:56 Shutting down server...
2026/07/26 11:34:56 Database connection closed
2026/07/26 11:34:56 Server exited gracefully
2026/07/26 11:35:00 Server starting on :5050
2026/07/26 11:36:33 [::1] GET /health | 200 | 45.3062ms
2026/07/26 11:39:17 Shutting down server...
2026/07/26 11:39:17 Database connection closed
2026/07/26 11:39:17 Server exited gracefully
2026/07/26 11:39:21 Server starting on :5050
2026/07/26 11:39:30 [::1] GET /health | 200 | 537.6µs
2026/07/26 11:42:09 Shutting down server...
2026/07/26 11:42:09 Database connection closed
2026/07/26 11:42:09 Server exited gracefully
2026/07/26 11:42:12 Server starting on :5050
2026/07/26 11:42:41 [::1] GET /health | 200 | 0s
2026/07/26 11:42:46 [::1] GET /health | 200 | 0s
2026/07/26 11:43:47 [::1] GET /api/v1/auth/me | 401 | 35.4271ms
2026/07/26 11:44:18 Shutting down server...
2026/07/26 11:44:19 Database connection closed
2026/07/26 11:44:19 Server exited gracefully
2026/07/26 11:44:21 Server starting on :5050
2026/07/26 11:44:32 [::1] GET /health | 200 | 0s
2026/07/26 11:46:28 [::1] GET /api/v1/auth/me | 401 | 78.3987ms
2026/07/26 11:46:28 [::1] POST /api/v1/auth/refresh | 200 | 257.5912ms
2026/07/26 11:46:28 [::1] GET /api/v1/auth/me | 200 | 64.827ms
2026/07/26 11:46:57 [::1] GET /api/v1/auth/me | 200 | 2.0025ms
2026/07/26 11:47:03 [::1] GET /api/v1/floors | 200 | 160.2857ms
2026/07/26 11:47:03 [::1] GET /api/v1/floors | 200 | 996.4µs
2026/07/26 11:47:03 [::1] GET /api/v1/departments | 200 | 303.9405ms
2026/07/26 11:47:03 [::1] GET /api/v1/shifts | 200 | 322.9385ms
2026/07/26 11:47:03 [::1] GET /api/v1/departments | 200 | 2.0005ms
2026/07/26 11:47:03 [::1] GET /api/v1/shifts | 200 | 4.9964ms
2026/07/26 11:47:03 [::1] GET /api/v1/companies | 200 | 385.9881ms
2026/07/26 11:47:03 [::1] GET /api/v1/companies | 200 | 997.2µs
2026/07/26 11:47:03 [::1] GET /api/v1/groups | 200 | 403.1685ms
2026/07/26 11:47:03 [::1] GET /api/v1/groups | 200 | 13.9167ms
2026/07/26 11:47:04 [::1] GET /api/v1/employees | 200 | 622.1522ms
2026/07/26 11:47:04 [::1] GET /api/v1/employees | 200 | 11.6949ms
2026/07/26 11:47:04 [::1] GET /api/v1/employees | 200 | 5.0385ms
2026/07/26 11:47:04 [::1] GET /api/v1/employees | 200 | 10.7773ms
2026/07/26 11:47:24 [::1] GET /api/v1/auth/me | 200 | 9.7358ms
2026/07/26 11:47:27 [::1] GET /api/v1/auth/me | 401 | 0s
2026/07/26 11:47:27 [::1] POST /api/v1/auth/refresh | 200 | 43.9421ms
2026/07/26 11:47:27 [::1] GET /api/v1/auth/me | 200 | 792.2µs
2026/07/26 11:47:34 [::1] GET /api/v1/departments | 200 | 1.517ms
2026/07/26 11:47:34 [::1] GET /api/v1/groups | 200 | 5.2731ms
2026/07/26 11:47:34 [::1] GET /api/v1/companies | 200 | 6.7901ms
2026/07/26 11:47:35 [::1] GET /api/v1/shifts | 200 | 123.7341ms
2026/07/26 11:47:35 [::1] GET /api/v1/attendance | 200 | 206.1163ms
2026/07/26 11:47:35 [::1] GET /api/v1/attendance | 200 | 4.1097ms
2026/07/26 11:49:16 [::1] GET /api/v1/auth/me | 200 | 1.5187ms
2026/07/26 11:49:16 [::1] GET /api/v1/companies | 200 | 3.4472ms
2026/07/26 11:49:16 [::1] GET /api/v1/groups | 200 | 7.3308ms
2026/07/26 11:49:16 [::1] GET /api/v1/attendance | 200 | 18.6569ms
2026/07/26 11:49:16 [::1] GET /api/v1/attendance | 200 | 14.0149ms
2026/07/26 11:49:16 [::1] GET /api/v1/shifts | 200 | 91.8292ms
2026/07/26 11:49:16 [::1] GET /api/v1/departments | 200 | 100.0918ms
2026/07/26 11:49:24 [::1] GET /api/v1/auth/me | 200 | 2.534ms
2026/07/26 11:49:24 [::1] GET /api/v1/shifts | 200 | 1.424ms
2026/07/26 11:49:24 [::1] GET /api/v1/companies | 200 | 1.0119ms
2026/07/26 11:49:24 [::1] GET /api/v1/groups | 200 | 3.8918ms
2026/07/26 11:49:24 [::1] GET /api/v1/departments | 200 | 3.0021ms
2026/07/26 11:49:24 [::1] GET /api/v1/attendance | 200 | 11.311ms
2026/07/26 11:49:24 [::1] GET /api/v1/attendance | 200 | 3.9604ms
2026/07/26 12:01:38 [::1] GET /api/v1/auth/me | 200 | 15.0215ms
2026/07/26 12:01:40 [::1] GET /api/v1/data-logs/stats | 200 | 82.7324ms
2026/07/26 12:01:44 [::1] GET /api/v1/companies | 200 | 3.8407ms
2026/07/26 12:01:44 [::1] GET /api/v1/attendance/stats | 200 | 10.6902ms
2026/07/26 12:01:58 [::1] POST /api/v1/data-logs/process | 200 | 8.4065421s
2026/07/26 12:01:58 [::1] GET /api/v1/attendance/stats | 200 | 34.7486ms
2026/07/26 12:02:01 [::1] GET /api/v1/departments | 200 | 2.0024ms
2026/07/26 12:02:01 [::1] GET /api/v1/companies | 200 | 5.4586ms
2026/07/26 12:02:01 [::1] GET /api/v1/shifts | 200 | 1.3094ms
2026/07/26 12:02:01 [::1] GET /api/v1/groups | 200 | 1.3094ms
2026/07/26 12:02:01 [::1] GET /api/v1/attendance | 200 | 22.2862ms
2026/07/26 12:02:01 [::1] GET /api/v1/attendance | 200 | 6.0127ms
2026/07/26 12:02:03 [::1] GET /api/v1/departments | 200 | 1.0011ms
2026/07/26 12:02:03 [::1] GET /api/v1/companies | 200 | 849.2µs
2026/07/26 12:02:03 [::1] GET /api/v1/shifts | 200 | 1.6414ms
2026/07/26 12:02:03 [::1] GET /api/v1/groups | 200 | 4.4394ms
2026/07/26 12:02:03 [::1] GET /api/v1/attendance/summary | 200 | 18.4229ms
2026/07/26 12:02:05 [::1] GET /api/v1/attendance/summary | 200 | 3.9435ms
2026/07/26 12:02:05 [::1] GET /api/v1/attendance/summary | 200 | 3.2934ms
2026/07/26 12:02:09 [::1] GET /api/v1/attendance/summary | 200 | 3.8078ms
2026/07/26 12:02:16 [::1] GET /api/v1/attendance/summary | 200 | 3.1741ms
2026/07/26 12:02:40 [::1] GET /api/v1/shifts | 401 | 5.2485ms
2026/07/26 12:02:40 [::1] GET /api/v1/departments | 401 | 7.218ms
2026/07/26 12:02:40 [::1] GET /api/v1/groups | 401 | 5.2485ms
2026/07/26 12:02:40 [::1] GET /api/v1/companies | 401 | 7.4269ms
2026/07/26 12:02:40 [::1] GET /api/v1/floors | 401 | 0s
2026/07/26 12:02:40 [::1] GET /api/v1/employees | 401 | 0s
2026/07/26 12:02:40 [::1] POST /api/v1/auth/refresh | 401 | 151.4593ms
2026/07/26 12:02:40 [::1] POST /api/v1/auth/refresh | 401 | 150.9485ms
2026/07/26 12:02:40 [::1] POST /api/v1/auth/refresh | 401 | 123.9929ms
2026/07/26 12:02:40 [::1] POST /api/v1/auth/refresh | 200 | 128.312ms
2026/07/26 12:02:40 [::1] POST /api/v1/auth/refresh | 401 | 128.5048ms
2026/07/26 12:02:40 [::1] POST /api/v1/auth/refresh | 200 | 128.1903ms
2026/07/26 12:02:40 [::1] GET /api/v1/employees | 401 | 0s
2026/07/26 12:02:40 [::1] GET /api/v1/shifts | 200 | 1.5252ms
2026/07/26 12:02:40 [::1] GET /api/v1/groups | 200 | 27.2783ms
2026/07/26 12:02:40 [::1] POST /api/v1/auth/refresh | 200 | 22.5783ms
2026/07/26 12:03:22 [::1] GET /api/v1/auth/me | 200 | 1.3127ms
2026/07/26 12:03:22 [::1] GET /api/v1/dashboard/stats | 200 | 170.7395ms
2026/07/26 12:03:25 [::1] GET /api/v1/companies | 200 | 1.3706ms
2026/07/26 12:03:25 [::1] GET /api/v1/departments | 200 | 3.8759ms
2026/07/26 12:03:25 [::1] GET /api/v1/groups | 200 | 824.4µs
2026/07/26 12:03:25 [::1] GET /api/v1/shifts | 200 | 1.0134ms
2026/07/26 12:03:25 [::1] GET /api/v1/employees | 200 | 42.6981ms
2026/07/26 12:03:25 [::1] GET /api/v1/floors | 200 | 98.3765ms
2026/07/26 12:03:25 [::1] GET /api/v1/employees | 200 | 31.7053ms
2026/07/26 12:03:35 [::1] GET /api/v1/employees | 200 | 5.7026ms
2026/07/26 12:03:38 [::1] GET /api/v1/employees/5c1ad8f0-28b2-429c-acfe-cacd9ee12bc3 | 200 | 13.6844ms
2026/07/26 12:03:38 [::1] GET /api/v1/shifts | 200 | 1.0984ms
2026/07/26 12:03:38 [::1] GET /api/v1/floors | 200 | 2.5355ms
2026/07/26 12:03:38 [::1] GET /api/v1/companies | 200 | 4.907ms
2026/07/26 12:03:38 [::1] GET /api/v1/groups | 200 | 1.0024ms
2026/07/26 12:03:38 [::1] GET /api/v1/departments | 200 | 509.8µs
2026/07/26 12:03:38 [::1] GET /api/v1/sections | 200 | 4.7648ms
2026/07/26 12:03:38 [::1] GET /api/v1/divisions | 200 | 4.7648ms
2026/07/26 12:03:38 [::1] GET /api/v1/lines | 200 | 11.4514ms
2026/07/26 12:03:38 [::1] GET /api/v1/upazilas | 200 | 10.2189ms
2026/07/26 12:03:38 [::1] GET /api/v1/upazilas | 200 | 1.0009ms
2026/07/26 12:03:38 [::1] GET /api/v1/unions | 200 | 122.7059ms
2026/07/26 12:03:38 [::1] GET /api/v1/districts | 200 | 132.5165ms
2026/07/26 12:03:38 [::1] GET /api/v1/designations | 200 | 139.4673ms
2026/07/26 12:03:38 [::1] GET /api/v1/unions | 200 | 3.9581ms
2026/07/26 12:03:38 [::1] GET /api/v1/districts | 200 | 2.7109ms
2026/07/26 12:04:01 [::1] PUT /api/v1/employees/5c1ad8f0-28b2-429c-acfe-cacd9ee12bc3 | 200 | 87.4415ms
2026/07/26 12:04:02 [::1] GET /api/v1/companies | 200 | 2.7129ms
2026/07/26 12:04:02 [::1] GET /api/v1/floors | 200 | 8.4903ms
2026/07/26 12:04:02 [::1] GET /api/v1/departments | 200 | 6.8612ms
2026/07/26 12:04:02 [::1] GET /api/v1/employees | 200 | 22.2441ms
2026/07/26 12:04:02 [::1] GET /api/v1/shifts | 200 | 0s
2026/07/26 12:04:02 [::1] GET /api/v1/groups | 200 | 1.0019ms
2026/07/26 12:04:02 [::1] GET /api/v1/employees | 200 | 4.0153ms
2026/07/26 12:04:30 [::1] GET /api/v1/employees/8a172224-1ca7-4b8a-8dbe-69389f809495/profile | 200 | 49.89ms
2026/07/26 12:04:41 [::1] GET /api/v1/departments | 200 | 45.8334ms
2026/07/26 12:04:41 [::1] GET /api/v1/companies | 200 | 73.9431ms
2026/07/26 12:04:41 [::1] GET /api/v1/floors | 200 | 66.1659ms
2026/07/26 12:04:41 [::1] GET /api/v1/shifts | 200 | 72.5786ms
2026/07/26 12:04:41 [::1] GET /api/v1/employees | 200 | 77.8937ms
2026/07/26 12:04:41 [::1] GET /api/v1/groups | 200 | 136.0585ms
2026/07/26 12:04:41 [::1] GET /api/v1/employees | 200 | 18.5162ms
2026/07/26 12:05:37 [::1] GET /api/v1/departments | 200 | 651.4µs
2026/07/26 12:05:37 [::1] GET /api/v1/companies | 200 | 2.0723ms
2026/07/26 12:05:37 [::1] GET /api/v1/groups | 200 | 537µs
2026/07/26 12:05:37 [::1] GET /api/v1/shifts | 200 | 54.4933ms
2026/07/26 12:05:37 [::1] GET /api/v1/attendance | 200 | 91.4198ms
2026/07/26 12:05:37 [::1] GET /api/v1/attendance | 200 | 3.6588ms
2026/07/26 12:05:38 [::1] GET /api/v1/companies | 200 | 527.1µs
2026/07/26 12:05:38 [::1] GET /api/v1/shifts | 200 | 0s
2026/07/26 12:05:38 [::1] GET /api/v1/attendance/summary | 200 | 10.5253ms
2026/07/26 12:05:38 [::1] GET /api/v1/departments | 200 | 4.7446ms
2026/07/26 12:05:38 [::1] GET /api/v1/groups | 200 | 44.2317ms
2026/07/26 12:05:40 [::1] GET /api/v1/attendance/summary | 200 | 7.4895ms
2026/07/26 12:05:49 [::1] GET /api/v1/attendance/summary | 200 | 3.7614ms
2026/07/26 12:06:05 [::1] GET /api/v1/attendance/summary | 200 | 3.3285ms
2026/07/26 12:06:07 [::1] GET /api/v1/attendance/summary | 200 | 2.6455ms
2026/07/26 12:06:09 [::1] GET /api/v1/attendance/summary | 200 | 3.0644ms
2026/07/26 12:06:10 [::1] GET /api/v1/attendance/summary | 200 | 2.9571ms
2026/07/26 12:06:17 [::1] GET /api/v1/attendance/summary | 200 | 2.6735ms
2026/07/26 12:06:39 [::1] GET /api/v1/attendance/summary | 200 | 2.7448ms
